Java HotSpot(TM) 64-Bit Server VM (25.201-b09) for bsd-amd64 JRE (1.8.0_201-b09), built on Dec 15 2018 18:35:23 by "java_re" with gcc 4.2.1 (Based on Apple Inc. build 5658) (LLVM build 2336.11.00)
Memory: 4k page, physical 8388608k(43748k free)

/proc/meminfo:

CommandLine flags: -XX:InitialHeapSize=536870912 -XX:MaxHeapSize=536870912 -XX:MaxNewSize=178958336 -XX:MaxTenuringThreshold=6 -XX:NewSize=178958336 -XX:OldPLABSize=16 -XX:OldSize=357912576 -XX:+PrintGC -XX:+PrintGCDateStamps -XX:+PrintGCDetails -XX:+PrintGCTimeStamps -XX:+UseCompressedClassPointers -XX:+UseCompressedOops -XX:+UseConcMarkSweepGC -XX:+UseParNewGC 
2021-08-10T22:26:09.781-0800: 0.273: [GC (Allocation Failure) 2021-08-10T22:26:09.781-0800: 0.273: [ParNew: 139776K->17471K(157248K), 0.0223003 secs] 139776K->46040K(506816K), 0.0225398 secs] [Times: user=0.02 sys=0.07, real=0.02 secs] 
2021-08-10T22:26:09.839-0800: 0.330: [GC (Allocation Failure) 2021-08-10T22:26:09.839-0800: 0.330: [ParNew: 157247K->17469K(157248K), 0.0226385 secs] 185816K->90285K(506816K), 0.0227222 secs] [Times: user=0.02 sys=0.07, real=0.03 secs] 
2021-08-10T22:26:09.879-0800: 0.370: [GC (Allocation Failure) 2021-08-10T22:26:09.879-0800: 0.370: [ParNew: 157063K->17472K(157248K), 0.0233835 secs] 229880K->141041K(506816K), 0.0234851 secs] [Times: user=0.11 sys=0.02, real=0.03 secs] 
2021-08-10T22:26:09.922-0800: 0.414: [GC (Allocation Failure) 2021-08-10T22:26:09.922-0800: 0.414: [ParNew: 157248K->17472K(157248K), 0.0165970 secs] 280817K->183173K(506816K), 0.0166703 secs] [Times: user=0.09 sys=0.02, real=0.01 secs] 
2021-08-10T22:26:09.957-0800: 0.449: [GC (Allocation Failure) 2021-08-10T22:26:09.957-0800: 0.449: [ParNew: 157248K->17471K(157248K), 0.0204013 secs] 322949K->229740K(506816K), 0.0205065 secs] [Times: user=0.09 sys=0.02, real=0.02 secs] 
2021-08-10T22:26:09.980-0800: 0.472: [GC (CMS Initial Mark) [1 CMS-initial-mark: 212269K(349568K)] 229884K(506816K), 0.0009085 secs] [Times: user=0.00 sys=0.00, real=0.00 secs] 
2021-08-10T22:26:09.982-0800: 0.474: [CMS-concurrent-mark-start]
2021-08-10T22:26:09.985-0800: 0.477: [CMS-concurrent-mark: 0.003/0.003 secs] [Times: user=0.00 sys=0.00, real=0.00 secs] 
2021-08-10T22:26:09.985-0800: 0.477: [CMS-concurrent-preclean-start]
2021-08-10T22:26:09.986-0800: 0.478: [CMS-concurrent-preclean: 0.000/0.000 secs] [Times: user=0.00 sys=0.00, real=0.00 secs] 
2021-08-10T22:26:09.986-0800: 0.478: [CMS-concurrent-abortable-preclean-start]
2021-08-10T22:26:10.001-0800: 0.493: [GC (Allocation Failure) 2021-08-10T22:26:10.001-0800: 0.493: [ParNew: 157247K->17471K(157248K), 0.0166744 secs] 369516K->273414K(506816K), 0.0167491 secs] [Times: user=0.07 sys=0.02, real=0.01 secs] 
2021-08-10T22:26:10.036-0800: 0.528: [GC (Allocation Failure) 2021-08-10T22:26:10.036-0800: 0.528: [ParNew: 157247K->17471K(157248K), 0.0179603 secs] 413190K->318669K(506816K), 0.0180445 secs] [Times: user=0.06 sys=0.02, real=0.02 secs] 
2021-08-10T22:26:10.068-0800: 0.560: [GC (Allocation Failure) 2021-08-10T22:26:10.068-0800: 0.560: [ParNew: 157247K->17470K(157248K), 0.0185338 secs] 458445K->360867K(506816K), 0.0186106 secs] [Times: user=0.09 sys=0.02, real=0.02 secs] 
2021-08-10T22:26:10.087-0800: 0.578: [CMS-concurrent-abortable-preclean: 0.005/0.100 secs] [Times: user=0.27 sys=0.06, real=0.10 secs] 
2021-08-10T22:26:10.089-0800: 0.581: [GC (CMS Final Remark) [YG occupancy: 18010 K (157248 K)]2021-08-10T22:26:10.089-0800: 0.581: [Rescan (parallel) , 0.0002754 secs]2021-08-10T22:26:10.089-0800: 0.581: [weak refs processing, 0.0000085 secs]2021-08-10T22:26:10.090-0800: 0.581: [class unloading, 0.0003406 secs]2021-08-10T22:26:10.090-0800: 0.582: [scrub symbol table, 0.0001719 secs]2021-08-10T22:26:10.090-0800: 0.582: [scrub string table, 0.0000610 secs][1 CMS-remark: 343397K(349568K)] 361407K(506816K), 0.0011452 secs] [Times: user=0.00 sys=0.00, real=0.01 secs] 
2021-08-10T22:26:10.091-0800: 0.582: [CMS-concurrent-sweep-start]
2021-08-10T22:26:10.092-0800: 0.583: [CMS-concurrent-sweep: 0.001/0.001 secs] [Times: user=0.00 sys=0.00, real=0.00 secs] 
2021-08-10T22:26:10.092-0800: 0.583: [CMS-concurrent-reset-start]
2021-08-10T22:26:10.092-0800: 0.584: [CMS-concurrent-reset: 0.001/0.001 secs] [Times: user=0.00 sys=0.00, real=0.00 secs] 
2021-08-10T22:26:10.105-0800: 0.597: [GC (Allocation Failure) 2021-08-10T22:26:10.105-0800: 0.597: [ParNew: 157246K->17471K(157248K), 0.0169747 secs] 451287K->355537K(506816K), 0.0170496 secs] [Times: user=0.07 sys=0.01, real=0.02 secs] 
2021-08-10T22:26:10.123-0800: 0.615: [GC (CMS Initial Mark) [1 CMS-initial-mark: 338066K(349568K)] 355609K(506816K), 0.0001329 secs] [Times: user=0.00 sys=0.00, real=0.00 secs] 
2021-08-10T22:26:10.123-0800: 0.615: [CMS-concurrent-mark-start]
2021-08-10T22:26:10.124-0800: 0.616: [CMS-concurrent-mark: 0.001/0.001 secs] [Times: user=0.00 sys=0.00, real=0.00 secs] 
2021-08-10T22:26:10.124-0800: 0.616: [CMS-concurrent-preclean-start]
2021-08-10T22:26:10.124-0800: 0.616: [CMS-concurrent-preclean: 0.000/0.000 secs] [Times: user=0.00 sys=0.00, real=0.00 secs] 
2021-08-10T22:26:10.124-0800: 0.616: [CMS-concurrent-abortable-preclean-start]
2021-08-10T22:26:10.124-0800: 0.616: [CMS-concurrent-abortable-preclean: 0.000/0.000 secs] [Times: user=0.00 sys=0.00, real=0.00 secs] 
2021-08-10T22:26:10.124-0800: 0.616: [GC (CMS Final Remark) [YG occupancy: 26256 K (157248 K)]2021-08-10T22:26:10.124-0800: 0.616: [Rescan (parallel) , 0.0002583 secs]2021-08-10T22:26:10.125-0800: 0.616: [weak refs processing, 0.0000080 secs]2021-08-10T22:26:10.125-0800: 0.616: [class unloading, 0.0001590 secs]2021-08-10T22:26:10.125-0800: 0.617: [scrub symbol table, 0.0001504 secs]2021-08-10T22:26:10.125-0800: 0.617: [scrub string table, 0.0000580 secs][1 CMS-remark: 338066K(349568K)] 364322K(506816K), 0.0006677 secs] [Times: user=0.00 sys=0.00, real=0.00 secs] 
2021-08-10T22:26:10.125-0800: 0.617: [CMS-concurrent-sweep-start]
2021-08-10T22:26:10.126-0800: 0.618: [CMS-concurrent-sweep: 0.001/0.001 secs] [Times: user=0.01 sys=0.00, real=0.00 secs] 
2021-08-10T22:26:10.126-0800: 0.618: [CMS-concurrent-reset-start]
2021-08-10T22:26:10.126-0800: 0.618: [CMS-concurrent-reset: 0.000/0.000 secs] [Times: user=0.00 sys=0.00, real=0.00 secs] 
2021-08-10T22:26:10.138-0800: 0.630: [GC (Allocation Failure) 2021-08-10T22:26:10.138-0800: 0.630: [ParNew: 157247K->17470K(157248K), 0.0150667 secs] 396212K->298074K(506816K), 0.0151261 secs] [Times: user=0.08 sys=0.02, real=0.02 secs] 
2021-08-10T22:26:10.154-0800: 0.646: [GC (CMS Initial Mark) [1 CMS-initial-mark: 280604K(349568K)] 298227K(506816K), 0.0001164 secs] [Times: user=0.00 sys=0.00, real=0.00 secs] 
2021-08-10T22:26:10.154-0800: 0.646: [CMS-concurrent-mark-start]
2021-08-10T22:26:10.155-0800: 0.646: [CMS-concurrent-mark: 0.001/0.001 secs] [Times: user=0.00 sys=0.00, real=0.00 secs] 
2021-08-10T22:26:10.155-0800: 0.646: [CMS-concurrent-preclean-start]
2021-08-10T22:26:10.155-0800: 0.647: [CMS-concurrent-preclean: 0.000/0.000 secs] [Times: user=0.00 sys=0.00, real=0.00 secs] 
2021-08-10T22:26:10.155-0800: 0.647: [CMS-concurrent-abortable-preclean-start]
2021-08-10T22:26:10.168-0800: 0.660: [GC (Allocation Failure) 2021-08-10T22:26:10.168-0800: 0.660: [ParNew: 157246K->17471K(157248K), 0.0154900 secs] 437850K->342263K(506816K), 0.0155564 secs] [Times: user=0.09 sys=0.01, real=0.02 secs] 
2021-08-10T22:26:10.198-0800: 0.690: [GC (Allocation Failure) 2021-08-10T22:26:10.198-0800: 0.690: [ParNew: 157247K->157247K(157248K), 0.0000176 secs]2021-08-10T22:26:10.198-0800: 0.690: [CMS2021-08-10T22:26:10.198-0800: 0.690: [CMS-concurrent-abortable-preclean: 0.001/0.043 secs] [Times: user=0.11 sys=0.01, real=0.04 secs] 
 (concurrent mode failure): 324792K->289452K(349568K), 0.0785084 secs] 482039K->289452K(506816K), [Metaspace: 2575K->2575K(1056768K)], 0.0785991 secs] [Times: user=0.03 sys=0.04, real=0.08 secs] 
2021-08-10T22:26:10.290-0800: 0.782: [GC (Allocation Failure) 2021-08-10T22:26:10.290-0800: 0.782: [ParNew: 139542K->17470K(157248K), 0.0045904 secs] 428995K->335339K(506816K), 0.0046549 secs] [Times: user=0.03 sys=0.00, real=0.00 secs] 
2021-08-10T22:26:10.295-0800: 0.787: [GC (CMS Initial Mark) [1 CMS-initial-mark: 317869K(349568K)] 335860K(506816K), 0.0001277 secs] [Times: user=0.00 sys=0.00, real=0.00 secs] 
2021-08-10T22:26:10.295-0800: 0.787: [CMS-concurrent-mark-start]
2021-08-10T22:26:10.296-0800: 0.788: [CMS-concurrent-mark: 0.001/0.001 secs] [Times: user=0.00 sys=0.00, real=0.00 secs] 
2021-08-10T22:26:10.296-0800: 0.788: [CMS-concurrent-preclean-start]
2021-08-10T22:26:10.296-0800: 0.788: [CMS-concurrent-preclean: 0.000/0.000 secs] [Times: user=0.00 sys=0.00, real=0.00 secs] 
2021-08-10T22:26:10.296-0800: 0.788: [CMS-concurrent-abortable-preclean-start]
2021-08-10T22:26:10.308-0800: 0.800: [GC (Allocation Failure) 2021-08-10T22:26:10.308-0800: 0.800: [ParNew (promotion failed): 157246K->157246K(157248K), 0.0060934 secs]2021-08-10T22:26:10.314-0800: 0.806: [CMS2021-08-10T22:26:10.314-0800: 0.806: [CMS-concurrent-abortable-preclean: 0.000/0.018 secs] [Times: user=0.05 sys=0.01, real=0.02 secs] 
 (concurrent mode failure): 349344K->312331K(349568K), 0.0188850 secs] 475115K->312331K(506816K), [Metaspace: 2575K->2575K(1056768K)], 0.0251098 secs] [Times: user=0.06 sys=0.01, real=0.03 secs] 
2021-08-10T22:26:10.346-0800: 0.838: [GC (Allocation Failure) 2021-08-10T22:26:10.347-0800: 0.838: [ParNew: 139776K->17471K(157248K), 0.0035417 secs] 452107K->361595K(506816K), 0.0036259 secs] [Times: user=0.03 sys=0.00, real=0.01 secs] 
2021-08-10T22:26:10.350-0800: 0.842: [GC (CMS Initial Mark) [1 CMS-initial-mark: 344124K(349568K)] 362284K(506816K), 0.0001095 secs] [Times: user=0.00 sys=0.00, real=0.00 secs] 
2021-08-10T22:26:10.350-0800: 0.842: [CMS-concurrent-mark-start]
2021-08-10T22:26:10.351-0800: 0.843: [CMS-concurrent-mark: 0.001/0.001 secs] [Times: user=0.00 sys=0.00, real=0.00 secs] 
2021-08-10T22:26:10.351-0800: 0.843: [CMS-concurrent-preclean-start]
2021-08-10T22:26:10.351-0800: 0.843: [CMS-concurrent-preclean: 0.000/0.000 secs] [Times: user=0.00 sys=0.00, real=0.00 secs] 
2021-08-10T22:26:10.352-0800: 0.843: [CMS-concurrent-abortable-preclean-start]
2021-08-10T22:26:10.352-0800: 0.843: [CMS-concurrent-abortable-preclean: 0.000/0.000 secs] [Times: user=0.00 sys=0.00, real=0.00 secs] 
2021-08-10T22:26:10.352-0800: 0.843: [GC (CMS Final Remark) [YG occupancy: 27963 K (157248 K)]2021-08-10T22:26:10.352-0800: 0.844: [Rescan (parallel) , 0.0006568 secs]2021-08-10T22:26:10.353-0800: 0.844: [weak refs processing, 0.0000087 secs]2021-08-10T22:26:10.353-0800: 0.844: [class unloading, 0.0001637 secs]2021-08-10T22:26:10.353-0800: 0.844: [scrub symbol table, 0.0001541 secs]2021-08-10T22:26:10.353-0800: 0.845: [scrub string table, 0.0000590 secs][1 CMS-remark: 344124K(349568K)] 372087K(506816K), 0.0010878 secs] [Times: user=0.00 sys=0.00, real=0.00 secs] 
2021-08-10T22:26:10.353-0800: 0.845: [CMS-concurrent-sweep-start]
2021-08-10T22:26:10.353-0800: 0.845: [CMS-concurrent-sweep: 0.001/0.001 secs] [Times: user=0.01 sys=0.00, real=0.00 secs] 
2021-08-10T22:26:10.354-0800: 0.845: [CMS-concurrent-reset-start]
2021-08-10T22:26:10.354-0800: 0.845: [CMS-concurrent-reset: 0.000/0.000 secs] [Times: user=0.00 sys=0.00, real=0.00 secs] 
2021-08-10T22:26:10.365-0800: 0.857: [GC (Allocation Failure) 2021-08-10T22:26:10.365-0800: 0.857: [ParNew (promotion failed): 157247K->157247K(157248K), 0.0054244 secs]2021-08-10T22:26:10.371-0800: 0.863: [CMS: 347340K->334850K(349568K), 0.0200139 secs] 463894K->334850K(506816K), [Metaspace: 2575K->2575K(1056768K)], 0.0257537 secs] [Times: user=0.04 sys=0.00, real=0.03 secs] 
2021-08-10T22:26:10.391-0800: 0.883: [GC (CMS Initial Mark) [1 CMS-initial-mark: 334850K(349568K)] 335172K(506816K), 0.0000973 secs] [Times: user=0.00 sys=0.00, real=0.00 secs] 
2021-08-10T22:26:10.391-0800: 0.883: [CMS-concurrent-mark-start]
2021-08-10T22:26:10.392-0800: 0.884: [CMS-concurrent-mark: 0.001/0.001 secs] [Times: user=0.01 sys=0.00, real=0.00 secs] 
2021-08-10T22:26:10.392-0800: 0.884: [CMS-concurrent-preclean-start]
2021-08-10T22:26:10.392-0800: 0.884: [CMS-concurrent-preclean: 0.000/0.000 secs] [Times: user=0.00 sys=0.00, real=0.00 secs] 
2021-08-10T22:26:10.392-0800: 0.884: [CMS-concurrent-abortable-preclean-start]
2021-08-10T22:26:10.405-0800: 0.897: [GC (Allocation Failure) 2021-08-10T22:26:10.405-0800: 0.897: [ParNew: 139776K->139776K(157248K), 0.0000172 secs]2021-08-10T22:26:10.405-0800: 0.897: [CMS2021-08-10T22:26:10.405-0800: 0.897: [CMS-concurrent-abortable-preclean: 0.000/0.013 secs] [Times: user=0.01 sys=0.00, real=0.01 secs] 
 (concurrent mode failure): 334850K->334492K(349568K), 0.0190659 secs] 474626K->334492K(506816K), [Metaspace: 2575K->2575K(1056768K)], 0.0191697 secs] [Times: user=0.02 sys=0.00, real=0.02 secs] 
2021-08-10T22:26:10.438-0800: 0.930: [GC (Allocation Failure) 2021-08-10T22:26:10.438-0800: 0.930: [ParNew: 139776K->139776K(157248K), 0.0000157 secs]2021-08-10T22:26:10.438-0800: 0.930: [CMS: 334492K->345024K(349568K), 0.0191438 secs] 474268K->345024K(506816K), [Metaspace: 2575K->2575K(1056768K)], 0.0192427 secs] [Times: user=0.02 sys=0.00, real=0.02 secs] 
2021-08-10T22:26:10.458-0800: 0.949: [GC (CMS Initial Mark) [1 CMS-initial-mark: 345024K(349568K)] 345187K(506816K), 0.0001294 secs] [Times: user=0.00 sys=0.00, real=0.00 secs] 
2021-08-10T22:26:10.458-0800: 0.950: [CMS-concurrent-mark-start]
2021-08-10T22:26:10.459-0800: 0.950: [CMS-concurrent-mark: 0.001/0.001 secs] [Times: user=0.00 sys=0.00, real=0.00 secs] 
2021-08-10T22:26:10.459-0800: 0.950: [CMS-concurrent-preclean-start]
2021-08-10T22:26:10.459-0800: 0.951: [CMS-concurrent-preclean: 0.000/0.000 secs] [Times: user=0.00 sys=0.00, real=0.00 secs] 
2021-08-10T22:26:10.459-0800: 0.951: [CMS-concurrent-abortable-preclean-start]
2021-08-10T22:26:10.459-0800: 0.951: [CMS-concurrent-abortable-preclean: 0.000/0.000 secs] [Times: user=0.00 sys=0.00, real=0.00 secs] 
2021-08-10T22:26:10.459-0800: 0.951: [GC (CMS Final Remark) [YG occupancy: 6040 K (157248 K)]2021-08-10T22:26:10.459-0800: 0.951: [Rescan (parallel) , 0.0002506 secs]2021-08-10T22:26:10.459-0800: 0.951: [weak refs processing, 0.0000083 secs]2021-08-10T22:26:10.459-0800: 0.951: [class unloading, 0.0001589 secs]2021-08-10T22:26:10.460-0800: 0.951: [scrub symbol table, 0.0001513 secs]2021-08-10T22:26:10.460-0800: 0.951: [scrub string table, 0.0000580 secs][1 CMS-remark: 345024K(349568K)] 351064K(506816K), 0.0006604 secs] [Times: user=0.01 sys=0.00, real=0.01 secs] 
2021-08-10T22:26:10.460-0800: 0.951: [CMS-concurrent-sweep-start]
2021-08-10T22:26:10.460-0800: 0.952: [CMS-concurrent-sweep: 0.000/0.000 secs] [Times: user=0.00 sys=0.00, real=0.00 secs] 
2021-08-10T22:26:10.460-0800: 0.952: [CMS-concurrent-reset-start]
2021-08-10T22:26:10.460-0800: 0.952: [CMS-concurrent-reset: 0.000/0.000 secs] [Times: user=0.00 sys=0.00, real=0.00 secs] 
2021-08-10T22:26:10.472-0800: 0.964: [GC (Allocation Failure) 2021-08-10T22:26:10.472-0800: 0.964: [ParNew: 139759K->139759K(157248K), 0.0000160 secs]2021-08-10T22:26:10.472-0800: 0.964: [CMS: 344736K->349528K(349568K), 0.0217605 secs] 484495K->354588K(506816K), [Metaspace: 2575K->2575K(1056768K)], 0.0218547 secs] [Times: user=0.02 sys=0.00, real=0.02 secs] 
2021-08-10T22:26:10.494-0800: 0.986: [GC (CMS Initial Mark) [1 CMS-initial-mark: 349528K(349568K)] 355372K(506816K), 0.0001253 secs] [Times: user=0.00 sys=0.00, real=0.00 secs] 
2021-08-10T22:26:10.494-0800: 0.986: [CMS-concurrent-mark-start]
2021-08-10T22:26:10.495-0800: 0.987: [CMS-concurrent-mark: 0.001/0.001 secs] [Times: user=0.00 sys=0.00, real=0.00 secs] 
2021-08-10T22:26:10.495-0800: 0.987: [CMS-concurrent-preclean-start]
2021-08-10T22:26:10.496-0800: 0.988: [CMS-concurrent-preclean: 0.001/0.001 secs] [Times: user=0.00 sys=0.00, real=0.00 secs] 
2021-08-10T22:26:10.496-0800: 0.988: [CMS-concurrent-abortable-preclean-start]
2021-08-10T22:26:10.496-0800: 0.988: [CMS-concurrent-abortable-preclean: 0.000/0.000 secs] [Times: user=0.00 sys=0.00, real=0.00 secs] 
2021-08-10T22:26:10.497-0800: 0.988: [GC (CMS Final Remark) [YG occupancy: 22371 K (157248 K)]2021-08-10T22:26:10.497-0800: 0.988: [Rescan (parallel) , 0.0005523 secs]2021-08-10T22:26:10.497-0800: 0.989: [weak refs processing, 0.0000117 secs]2021-08-10T22:26:10.497-0800: 0.989: [class unloading, 0.0001642 secs]2021-08-10T22:26:10.497-0800: 0.989: [scrub symbol table, 0.0001505 secs]2021-08-10T22:26:10.498-0800: 0.989: [scrub string table, 0.0000740 secs][1 CMS-remark: 349528K(349568K)] 371900K(506816K), 0.0010050 secs] [Times: user=0.01 sys=0.00, real=0.00 secs] 
2021-08-10T22:26:10.498-0800: 0.989: [CMS-concurrent-sweep-start]
2021-08-10T22:26:10.498-0800: 0.990: [CMS-concurrent-sweep: 0.000/0.000 secs] [Times: user=0.00 sys=0.00, real=0.00 secs] 
2021-08-10T22:26:10.498-0800: 0.990: [CMS-concurrent-reset-start]
2021-08-10T22:26:10.498-0800: 0.990: [CMS-concurrent-reset: 0.000/0.000 secs] [Times: user=0.00 sys=0.00, real=0.00 secs] 
2021-08-10T22:26:10.511-0800: 1.003: [GC (Allocation Failure) 2021-08-10T22:26:10.511-0800: 1.003: [ParNew: 157015K->157015K(157248K), 0.0000170 secs]2021-08-10T22:26:10.511-0800: 1.003: [CMS: 349528K->349442K(349568K), 0.0218108 secs] 506544K->357336K(506816K), [Metaspace: 2575K->2575K(1056768K)], 0.0219026 secs] [Times: user=0.02 sys=0.00, real=0.02 secs] 
2021-08-10T22:26:10.533-0800: 1.025: [GC (CMS Initial Mark) [1 CMS-initial-mark: 349442K(349568K)] 357624K(506816K), 0.0001702 secs] [Times: user=0.00 sys=0.00, real=0.00 secs] 
2021-08-10T22:26:10.534-0800: 1.025: [CMS-concurrent-mark-start]
2021-08-10T22:26:10.534-0800: 1.026: [CMS-concurrent-mark: 0.001/0.001 secs] [Times: user=0.01 sys=0.00, real=0.00 secs] 
2021-08-10T22:26:10.535-0800: 1.026: [CMS-concurrent-preclean-start]
2021-08-10T22:26:10.536-0800: 1.027: [CMS-concurrent-preclean: 0.001/0.001 secs] [Times: user=0.00 sys=0.00, real=0.00 secs] 
2021-08-10T22:26:10.536-0800: 1.027: [CMS-concurrent-abortable-preclean-start]
2021-08-10T22:26:10.536-0800: 1.027: [CMS-concurrent-abortable-preclean: 0.000/0.000 secs] [Times: user=0.00 sys=0.00, real=0.00 secs] 
2021-08-10T22:26:10.536-0800: 1.027: [GC (CMS Final Remark) [YG occupancy: 25580 K (157248 K)]2021-08-10T22:26:10.536-0800: 1.028: [Rescan (parallel) , 0.0002163 secs]2021-08-10T22:26:10.536-0800: 1.028: [weak refs processing, 0.0000090 secs]2021-08-10T22:26:10.536-0800: 1.028: [class unloading, 0.0001648 secs]2021-08-10T22:26:10.536-0800: 1.028: [scrub symbol table, 0.0001502 secs]2021-08-10T22:26:10.536-0800: 1.028: [scrub string table, 0.0000585 secs][1 CMS-remark: 349442K(349568K)] 375023K(506816K), 0.0006615 secs] [Times: user=0.00 sys=0.00, real=0.00 secs] 
2021-08-10T22:26:10.537-0800: 1.028: [CMS-concurrent-sweep-start]
2021-08-10T22:26:10.537-0800: 1.029: [CMS-concurrent-sweep: 0.000/0.000 secs] [Times: user=0.00 sys=0.00, real=0.00 secs] 
2021-08-10T22:26:10.537-0800: 1.029: [CMS-concurrent-reset-start]
2021-08-10T22:26:10.537-0800: 1.029: [CMS-concurrent-reset: 0.000/0.000 secs] [Times: user=0.00 sys=0.00, real=0.00 secs] 
2021-08-10T22:26:10.549-0800: 1.041: [GC (Allocation Failure) 2021-08-10T22:26:10.549-0800: 1.041: [ParNew: 157169K->157169K(157248K), 0.0000155 secs]2021-08-10T22:26:10.549-0800: 1.041: [CMS: 349442K->349553K(349568K), 0.0231341 secs] 506611K->356660K(506816K), [Metaspace: 2575K->2575K(1056768K)], 0.0232244 secs] [Times: user=0.03 sys=0.00, real=0.03 secs] 
2021-08-10T22:26:10.573-0800: 1.064: [GC (CMS Initial Mark) [1 CMS-initial-mark: 349553K(349568K)] 356950K(506816K), 0.0001184 secs] [Times: user=0.00 sys=0.00, real=0.00 secs] 
2021-08-10T22:26:10.573-0800: 1.065: [CMS-concurrent-mark-start]
2021-08-10T22:26:10.574-0800: 1.065: [CMS-concurrent-mark: 0.001/0.001 secs] [Times: user=0.00 sys=0.00, real=0.00 secs] 
2021-08-10T22:26:10.574-0800: 1.065: [CMS-concurrent-preclean-start]
2021-08-10T22:26:10.575-0800: 1.066: [CMS-concurrent-preclean: 0.001/0.001 secs] [Times: user=0.00 sys=0.00, real=0.00 secs] 
2021-08-10T22:26:10.575-0800: 1.066: [CMS-concurrent-abortable-preclean-start]
2021-08-10T22:26:10.575-0800: 1.066: [CMS-concurrent-abortable-preclean: 0.000/0.000 secs] [Times: user=0.00 sys=0.00, real=0.00 secs] 
2021-08-10T22:26:10.575-0800: 1.067: [GC (CMS Final Remark) [YG occupancy: 23210 K (157248 K)]2021-08-10T22:26:10.575-0800: 1.067: [Rescan (parallel) , 0.0003620 secs]2021-08-10T22:26:10.575-0800: 1.067: [weak refs processing, 0.0000117 secs]2021-08-10T22:26:10.575-0800: 1.067: [class unloading, 0.0001931 secs]2021-08-10T22:26:10.576-0800: 1.067: [scrub symbol table, 0.0001623 secs]2021-08-10T22:26:10.576-0800: 1.067: [scrub string table, 0.0000578 secs][1 CMS-remark: 349553K(349568K)] 372764K(506816K), 0.0008469 secs] [Times: user=0.00 sys=0.00, real=0.00 secs] 
2021-08-10T22:26:10.576-0800: 1.068: [CMS-concurrent-sweep-start]
2021-08-10T22:26:10.576-0800: 1.068: [CMS-concurrent-sweep: 0.000/0.000 secs] [Times: user=0.00 sys=0.00, real=0.00 secs] 
2021-08-10T22:26:10.576-0800: 1.068: [CMS-concurrent-reset-start]
2021-08-10T22:26:10.576-0800: 1.068: [CMS-concurrent-reset: 0.000/0.000 secs] [Times: user=0.00 sys=0.00, real=0.00 secs] 
2021-08-10T22:26:10.589-0800: 1.081: [GC (Allocation Failure) 2021-08-10T22:26:10.589-0800: 1.081: [ParNew: 157221K->157221K(157248K), 0.0000172 secs]2021-08-10T22:26:10.589-0800: 1.081: [CMS: 349553K->349053K(349568K), 0.0213932 secs] 506775K->364035K(506816K), [Metaspace: 2575K->2575K(1056768K)], 0.0214869 secs] [Times: user=0.02 sys=0.00, real=0.03 secs] 
2021-08-10T22:26:10.611-0800: 1.102: [GC (CMS Initial Mark) [1 CMS-initial-mark: 349053K(349568K)] 364130K(506816K), 0.0001107 secs] [Times: user=0.00 sys=0.00, real=0.00 secs] 
2021-08-10T22:26:10.611-0800: 1.102: [CMS-concurrent-mark-start]
2021-08-10T22:26:10.611-0800: 1.103: [CMS-concurrent-mark: 0.001/0.001 secs] [Times: user=0.00 sys=0.00, real=0.00 secs] 
2021-08-10T22:26:10.611-0800: 1.103: [CMS-concurrent-preclean-start]
2021-08-10T22:26:10.613-0800: 1.104: [CMS-concurrent-preclean: 0.001/0.001 secs] [Times: user=0.00 sys=0.00, real=0.00 secs] 
2021-08-10T22:26:10.613-0800: 1.104: [CMS-concurrent-abortable-preclean-start]
2021-08-10T22:26:10.613-0800: 1.104: [CMS-concurrent-abortable-preclean: 0.000/0.000 secs] [Times: user=0.00 sys=0.00, real=0.00 secs] 
2021-08-10T22:26:10.613-0800: 1.104: [GC (CMS Final Remark) [YG occupancy: 30385 K (157248 K)]2021-08-10T22:26:10.613-0800: 1.104: [Rescan (parallel) , 0.0002547 secs]2021-08-10T22:26:10.613-0800: 1.105: [weak refs processing, 0.0000097 secs]2021-08-10T22:26:10.613-0800: 1.105: [class unloading, 0.0001635 secs]2021-08-10T22:26:10.613-0800: 1.105: [scrub symbol table, 0.0001522 secs]2021-08-10T22:26:10.613-0800: 1.105: [scrub string table, 0.0000581 secs][1 CMS-remark: 349053K(349568K)] 379439K(506816K), 0.0006917 secs] [Times: user=0.00 sys=0.00, real=0.00 secs] 
2021-08-10T22:26:10.613-0800: 1.105: [CMS-concurrent-sweep-start]
2021-08-10T22:26:10.614-0800: 1.105: [CMS-concurrent-sweep: 0.000/0.000 secs] [Times: user=0.00 sys=0.00, real=0.00 secs] 
2021-08-10T22:26:10.614-0800: 1.105: [CMS-concurrent-reset-start]
2021-08-10T22:26:10.614-0800: 1.106: [CMS-concurrent-reset: 0.000/0.000 secs] [Times: user=0.00 sys=0.00, real=0.00 secs] 
2021-08-10T22:26:10.626-0800: 1.118: [GC (Allocation Failure) 2021-08-10T22:26:10.626-0800: 1.118: [ParNew: 156818K->156818K(157248K), 0.0000172 secs]2021-08-10T22:26:10.626-0800: 1.118: [CMS: 348921K->349351K(349568K), 0.0240122 secs] 505740K->357032K(506816K), [Metaspace: 2575K->2575K(1056768K)], 0.0241039 secs] [Times: user=0.02 sys=0.00, real=0.03 secs] 
2021-08-10T22:26:10.650-0800: 1.142: [GC (CMS Initial Mark) [1 CMS-initial-mark: 349351K(349568K)] 357558K(506816K), 0.0001260 secs] [Times: user=0.00 sys=0.00, real=0.00 secs] 
2021-08-10T22:26:10.651-0800: 1.142: [CMS-concurrent-mark-start]
2021-08-10T22:26:10.651-0800: 1.143: [CMS-concurrent-mark: 0.001/0.001 secs] [Times: user=0.00 sys=0.00, real=0.00 secs] 
2021-08-10T22:26:10.651-0800: 1.143: [CMS-concurrent-preclean-start]
2021-08-10T22:26:10.653-0800: 1.144: [CMS-concurrent-preclean: 0.001/0.001 secs] [Times: user=0.01 sys=0.00, real=0.00 secs] 
2021-08-10T22:26:10.653-0800: 1.144: [CMS-concurrent-abortable-preclean-start]
2021-08-10T22:26:10.653-0800: 1.144: [CMS-concurrent-abortable-preclean: 0.000/0.000 secs] [Times: user=0.00 sys=0.00, real=0.00 secs] 
2021-08-10T22:26:10.653-0800: 1.144: [GC (CMS Final Remark) [YG occupancy: 23478 K (157248 K)]2021-08-10T22:26:10.653-0800: 1.144: [Rescan (parallel) , 0.0003489 secs]2021-08-10T22:26:10.653-0800: 1.145: [weak refs processing, 0.0000122 secs]2021-08-10T22:26:10.653-0800: 1.145: [class unloading, 0.0001797 secs]2021-08-10T22:26:10.653-0800: 1.145: [scrub symbol table, 0.0001480 secs]2021-08-10T22:26:10.653-0800: 1.145: [scrub string table, 0.0000576 secs][1 CMS-remark: 349351K(349568K)] 372830K(506816K), 0.0007930 secs] [Times: user=0.00 sys=0.00, real=0.00 secs] 
2021-08-10T22:26:10.654-0800: 1.145: [CMS-concurrent-sweep-start]
2021-08-10T22:26:10.654-0800: 1.146: [CMS-concurrent-sweep: 0.000/0.000 secs] [Times: user=0.00 sys=0.00, real=0.00 secs] 
2021-08-10T22:26:10.654-0800: 1.146: [CMS-concurrent-reset-start]
2021-08-10T22:26:10.654-0800: 1.146: [CMS-concurrent-reset: 0.000/0.000 secs] [Times: user=0.00 sys=0.00, real=0.00 secs] 
2021-08-10T22:26:12.658-0800: 3.150: [GC (CMS Initial Mark) [1 CMS-initial-mark: 349351K(349568K)] 450798K(506816K), 0.0002553 secs] [Times: user=0.00 sys=0.00, real=0.00 secs] 
2021-08-10T22:26:12.659-0800: 3.150: [CMS-concurrent-mark-start]
2021-08-10T22:26:12.659-0800: 3.151: [CMS-concurrent-mark: 0.001/0.001 secs] [Times: user=0.00 sys=0.00, real=0.00 secs] 
2021-08-10T22:26:12.659-0800: 3.151: [CMS-concurrent-preclean-start]
2021-08-10T22:26:12.660-0800: 3.151: [CMS-concurrent-preclean: 0.000/0.000 secs] [Times: user=0.00 sys=0.00, real=0.01 secs] 
2021-08-10T22:26:12.660-0800: 3.151: [CMS-concurrent-abortable-preclean-start]
2021-08-10T22:26:12.660-0800: 3.151: [CMS-concurrent-abortable-preclean: 0.000/0.000 secs] [Times: user=0.00 sys=0.00, real=0.00 secs] 
2021-08-10T22:26:12.660-0800: 3.151: [GC (CMS Final Remark) [YG occupancy: 101446 K (157248 K)]2021-08-10T22:26:12.660-0800: 3.151: [Rescan (parallel) , 0.0003499 secs]2021-08-10T22:26:12.660-0800: 3.152: [weak refs processing, 0.0000109 secs]2021-08-10T22:26:12.660-0800: 3.152: [class unloading, 0.0001657 secs]2021-08-10T22:26:12.660-0800: 3.152: [scrub symbol table, 0.0001439 secs]2021-08-10T22:26:12.661-0800: 3.152: [scrub string table, 0.0000589 secs][1 CMS-remark: 349351K(349568K)] 450798K(506816K), 0.0007783 secs] [Times: user=0.00 sys=0.00, real=0.00 secs] 
2021-08-10T22:26:12.661-0800: 3.152: [CMS-concurrent-sweep-start]
2021-08-10T22:26:12.661-0800: 3.153: [CMS-concurrent-sweep: 0.000/0.000 secs] [Times: user=0.00 sys=0.00, real=0.00 secs] 
2021-08-10T22:26:12.661-0800: 3.153: [CMS-concurrent-reset-start]
2021-08-10T22:26:12.661-0800: 3.153: [CMS-concurrent-reset: 0.000/0.000 secs] [Times: user=0.00 sys=0.00, real=0.00 secs] 
Heap
 par new generation   total 157248K, used 107037K [0x00000007a0000000, 0x00000007aaaa0000, 0x00000007aaaa0000)
  eden space 139776K,  76% used [0x00000007a0000000, 0x00000007a68876b8, 0x00000007a8880000)
  from space 17472K,   0% used [0x00000007a9990000, 0x00000007a9990000, 0x00000007aaaa0000)
  to   space 17472K,   0% used [0x00000007a8880000, 0x00000007a8880000, 0x00000007a9990000)
 concurrent mark-sweep generation total 349568K, used 327204K [0x00000007aaaa0000, 0x00000007c0000000, 0x00000007c0000000)
 Metaspace       used 2583K, capacity 4486K, committed 4864K, reserved 1056768K
  class space    used 278K, capacity 386K, committed 512K, reserved 1048576K
