Java HotSpot(TM) 64-Bit Server VM (25.191-b12) for windows-amd64 JRE (1.8.0_191-b12), built on Oct  6 2018 09:29:03 by "java_re" with MS VC++ 10.0 (VS2010)
Memory: 4k page, physical 16675844k(4328348k free), swap 27981492k(4008620k free)
CommandLine flags: -XX:InitialHeapSize=536870912 -XX:MaxGCPauseMillis=30 -XX:MaxHeapSize=536870912 -XX:+PrintGC -XX:+PrintGCDateStamps -XX:+PrintGCTimeStamps -XX:+UseCompressedClassPointers -XX:+UseCompressedOops -XX:+UseG1GC -XX:-UseLargePagesIndividualAllocation 
2021-08-11T16:25:38.488+0800: 1.052: [GC pause (G1 Evacuation Pause) (young) 25M->5291K(512M), 0.0065395 secs]
2021-08-11T16:25:39.365+0800: 1.928: [GC pause (G1 Evacuation Pause) (young) 26M->7750K(512M), 0.0056498 secs]
2021-08-11T16:25:39.794+0800: 2.357: [GC pause (G1 Evacuation Pause) (young) 28M->13M(512M), 0.0064516 secs]
2021-08-11T16:25:40.275+0800: 2.839: [GC pause (G1 Evacuation Pause) (young) 34M->13M(512M), 0.0024039 secs]
2021-08-11T16:25:40.757+0800: 3.322: [GC pause (G1 Evacuation Pause) (young) 34M->16M(512M), 0.0049399 secs]
2021-08-11T16:25:41.178+0800: 3.742: [GC pause (G1 Evacuation Pause) (young) 38M->22M(512M), 0.0057912 secs]
2021-08-11T16:25:41.626+0800: 4.190: [GC pause (G1 Evacuation Pause) (young) 43M->27M(512M), 0.0046236 secs]
2021-08-11T16:25:42.321+0800: 4.885: [GC pause (G1 Evacuation Pause) (young) 61M->30M(512M), 0.0065559 secs]
2021-08-11T16:25:43.695+0800: 6.258: [GC pause (G1 Evacuation Pause) (young) 102M->40M(512M), 0.0099202 secs]
2021-08-11T16:25:43.752+0800: 6.316: [GC pause (G1 Evacuation Pause) (young) 96M->62M(512M), 0.0109248 secs]
2021-08-11T16:25:43.781+0800: 6.345: [GC pause (G1 Evacuation Pause) (young) 98M->77M(512M), 0.0040769 secs]
2021-08-11T16:25:43.844+0800: 6.408: [GC pause (G1 Evacuation Pause) (young) 140M->98M(512M), 0.0034709 secs]
2021-08-11T16:25:43.877+0800: 6.441: [GC pause (G1 Evacuation Pause) (young) 174M->130M(512M), 0.0059409 secs]
2021-08-11T16:25:43.929+0800: 6.494: [GC pause (G1 Evacuation Pause) (young) 206M->155M(512M), 0.0063237 secs]
2021-08-11T16:25:43.969+0800: 6.533: [GC pause (G1 Evacuation Pause) (young) 245M->183M(512M), 0.0104624 secs]
2021-08-11T16:25:44.064+0800: 6.629: [GC pause (G1 Evacuation Pause) (young) 264M->210M(512M), 0.0096778 secs]
2021-08-11T16:25:44.081+0800: 6.646: [GC pause (G1 Humongous Allocation) (young) (initial-mark) 234M->222M(512M), 0.0039857 secs]
2021-08-11T16:25:44.085+0800: 6.650: [GC concurrent-root-region-scan-start]
2021-08-11T16:25:44.085+0800: 6.650: [GC concurrent-root-region-scan-end, 0.0003724 secs]
2021-08-11T16:25:44.085+0800: 6.650: [GC concurrent-mark-start]
2021-08-11T16:25:44.120+0800: 6.685: [GC concurrent-mark-end, 0.0347063 secs]
2021-08-11T16:25:44.134+0800: 6.698: [GC remark, 0.0030734 secs]
2021-08-11T16:25:44.144+0800: 6.709: [GC cleanup 319M->307M(512M), 0.0005021 secs]
2021-08-11T16:25:44.145+0800: 6.709: [GC concurrent-cleanup-start]
2021-08-11T16:25:44.145+0800: 6.709: [GC concurrent-cleanup-end, 0.0000177 secs]
2021-08-11T16:25:44.395+0800: 6.959: [GC pause (G1 Evacuation Pause) (young)-- 431M->394M(512M), 0.0097375 secs]
2021-08-11T16:25:44.414+0800: 6.978: [GC pause (G1 Evacuation Pause) (mixed) 398M->383M(512M), 0.0051953 secs]
2021-08-11T16:25:44.431+0800: 6.995: [GC pause (G1 Evacuation Pause) (mixed) 410M->384M(512M), 0.0044400 secs]
2021-08-11T16:25:44.441+0800: 7.005: [GC pause (G1 Humongous Allocation) (young) (initial-mark) 387M->386M(512M), 0.0026656 secs]
2021-08-11T16:25:44.444+0800: 7.008: [GC concurrent-root-region-scan-start]
2021-08-11T16:25:44.444+0800: 7.008: [GC concurrent-root-region-scan-end, 0.0003358 secs]
2021-08-11T16:25:44.444+0800: 7.008: [GC concurrent-mark-start]
2021-08-11T16:25:44.454+0800: 7.018: [GC pause (G1 Evacuation Pause) (young) 424M->400M(512M), 0.0035392 secs]
2021-08-11T16:25:44.487+0800: 7.051: [GC concurrent-mark-end, 0.0424786 secs]
2021-08-11T16:25:44.508+0800: 7.072: [GC remark, 0.0029533 secs]
2021-08-11T16:25:44.512+0800: 7.076: [GC cleanup 417M->398M(512M), 0.0003515 secs]
2021-08-11T16:25:44.512+0800: 7.076: [GC concurrent-cleanup-start]
2021-08-11T16:25:44.512+0800: 7.076: [GC concurrent-cleanup-end, 0.0000171 secs]
2021-08-11T16:25:44.517+0800: 7.081: [GC pause (G1 Evacuation Pause) (young) 409M->391M(512M), 0.0027268 secs]
2021-08-11T16:25:44.567+0800: 7.131: [GC pause (G1 Evacuation Pause) (mixed) 419M->353M(512M), 0.0039622 secs]
2021-08-11T16:25:44.577+0800: 7.141: [GC pause (G1 Evacuation Pause) (mixed) 377M->322M(512M), 0.0044598 secs]
2021-08-11T16:25:44.586+0800: 7.150: [GC pause (G1 Evacuation Pause) (mixed) 349M->302M(512M), 0.0056841 secs]
2021-08-11T16:25:44.603+0800: 7.168: [GC pause (G1 Evacuation Pause) (mixed) 331M->304M(512M), 0.0071944 secs]
2021-08-11T16:25:44.614+0800: 7.179: [GC pause (G1 Humongous Allocation) (young) (initial-mark) 304M->303M(512M), 0.0027876 secs]
2021-08-11T16:25:44.618+0800: 7.181: [GC concurrent-root-region-scan-start]
2021-08-11T16:25:44.618+0800: 7.182: [GC concurrent-root-region-scan-end, 0.0001985 secs]
2021-08-11T16:25:44.618+0800: 7.182: [GC concurrent-mark-start]
2021-08-11T16:25:44.656+0800: 7.221: [GC concurrent-mark-end, 0.0391657 secs]
2021-08-11T16:25:44.664+0800: 7.227: [GC remark, 0.0029446 secs]
2021-08-11T16:25:44.666+0800: 7.230: [GC cleanup 410M->410M(512M), 0.0003779 secs]
2021-08-11T16:25:53.588+0800: 16.152: [GC pause (G1 Evacuation Pause) (young) 411M->333M(512M), 0.0062573 secs]
2021-08-11T16:26:03.768+0800: 26.332: [GC pause (G1 Evacuation Pause) (mixed) 346M->313M(512M), 0.0080416 secs]
2021-08-11T16:26:04.003+0800: 26.567: [GC pause (G1 Evacuation Pause) (mixed) 336M->314M(512M), 0.0070169 secs]
2021-08-11T16:26:04.395+0800: 26.959: [GC pause (G1 Evacuation Pause) (young) 389M->326M(512M), 0.0085272 secs]
2021-08-11T16:26:04.788+0800: 27.352: [GC pause (G1 Evacuation Pause) (young) (initial-mark) 395M->333M(512M), 0.0106071 secs]
2021-08-11T16:26:04.799+0800: 27.363: [GC concurrent-root-region-scan-start]
2021-08-11T16:26:04.806+0800: 27.370: [GC concurrent-root-region-scan-end, 0.0067425 secs]
2021-08-11T16:26:04.806+0800: 27.370: [GC concurrent-mark-start]
2021-08-11T16:26:04.846+0800: 27.410: [GC concurrent-mark-end, 0.0396609 secs]
2021-08-11T16:26:04.846+0800: 27.410: [GC remark, 0.0038667 secs]
2021-08-11T16:26:04.850+0800: 27.414: [GC cleanup 338M->332M(512M), 0.0003460 secs]
2021-08-11T16:26:04.851+0800: 27.415: [GC concurrent-cleanup-start]
2021-08-11T16:26:04.851+0800: 27.415: [GC concurrent-cleanup-end, 0.0000125 secs]
2021-08-11T16:26:05.010+0800: 27.574: [GC pause (G1 Evacuation Pause) (young) 391M->333M(512M), 0.0090361 secs]
2021-08-11T16:26:05.041+0800: 27.605: [GC pause (G1 Evacuation Pause) (mixed) 348M->313M(512M), 0.0113336 secs]
2021-08-11T16:26:05.119+0800: 27.683: [GC pause (G1 Evacuation Pause) (mixed) 335M->314M(512M), 0.0062652 secs]
