Java HotSpot(TM) 64-Bit Server VM (25.201-b09) for bsd-amd64 JRE (1.8.0_201-b09), built on Dec 15 2018 18:35:23 by "java_re" with gcc 4.2.1 (Based on Apple Inc. build 5658) (LLVM build 2336.11.00)
Memory: 4k page, physical 8388608k(22828k free)

/proc/meminfo:

CommandLine flags: -XX:InitialHeapSize=536870912 -XX:MaxHeapSize=536870912 -XX:+PrintGC -XX:+PrintGCDateStamps -XX:+PrintGCDetails -XX:+PrintGCTimeStamps -XX:+UseCompressedClassPointers -XX:+UseCompressedOops -XX:+UseSerialGC 
2021-08-10T22:00:12.680-0800: 0.245: [GC (Allocation Failure) 2021-08-10T22:00:12.680-0800: 0.245: [DefNew: 139776K->17472K(157248K), 0.0273220 secs] 139776K->46776K(506816K), 0.0275854 secs] [Times: user=0.00 sys=0.02, real=0.02 secs] 
2021-08-10T22:00:12.747-0800: 0.311: [GC (Allocation Failure) 2021-08-10T22:00:12.747-0800: 0.311: [DefNew: 157248K->17471K(157248K), 0.0328351 secs] 186552K->88575K(506816K), 0.0330200 secs] [Times: user=0.00 sys=0.02, real=0.04 secs] 
2021-08-10T22:00:12.797-0800: 0.361: [GC (Allocation Failure) 2021-08-10T22:00:12.797-0800: 0.361: [DefNew: 157247K->17470K(157248K), 0.0269122 secs] 228351K->131443K(506816K), 0.0269975 secs] [Times: user=0.01 sys=0.01, real=0.03 secs] 
2021-08-10T22:00:12.840-0800: 0.404: [GC (Allocation Failure) 2021-08-10T22:00:12.840-0800: 0.404: [DefNew: 157246K->17470K(157248K), 0.0189613 secs] 271219K->175610K(506816K), 0.0200383 secs] [Times: user=0.01 sys=0.01, real=0.02 secs] 
2021-08-10T22:00:12.876-0800: 0.440: [GC (Allocation Failure) 2021-08-10T22:00:12.876-0800: 0.440: [DefNew: 157246K->17471K(157248K), 0.0162504 secs] 315386K->214397K(506816K), 0.0163314 secs] [Times: user=0.01 sys=0.00, real=0.02 secs] 
2021-08-10T22:00:12.913-0800: 0.478: [GC (Allocation Failure) 2021-08-10T22:00:12.914-0800: 0.478: [DefNew: 157247K->17471K(157248K), 0.0172127 secs] 354173K->251648K(506816K), 0.0173114 secs] [Times: user=0.00 sys=0.01, real=0.02 secs] 
2021-08-10T22:00:12.947-0800: 0.511: [GC (Allocation Failure) 2021-08-10T22:00:12.947-0800: 0.511: [DefNew: 157247K->17471K(157248K), 0.0209893 secs] 391424K->297215K(506816K), 0.0210694 secs] [Times: user=0.00 sys=0.01, real=0.02 secs] 
2021-08-10T22:00:12.984-0800: 0.548: [GC (Allocation Failure) 2021-08-10T22:00:12.984-0800: 0.548: [DefNew: 157247K->17466K(157248K), 0.0214081 secs] 436991K->342676K(506816K), 0.0214794 secs] [Times: user=0.01 sys=0.01, real=0.02 secs] 
2021-08-10T22:00:13.023-0800: 0.587: [GC (Allocation Failure) 2021-08-10T22:00:13.023-0800: 0.587: [DefNew: 157242K->157242K(157248K), 0.0000236 secs]2021-08-10T22:00:13.023-0800: 0.587: [Tenured: 325210K->267969K(349568K), 0.1372114 secs] 482452K->267969K(506816K), [Metaspace: 2575K->2575K(1056768K)], 0.1373303 secs] [Times: user=0.03 sys=0.07, real=0.14 secs] 
2021-08-10T22:00:13.175-0800: 0.740: [GC (Allocation Failure) 2021-08-10T22:00:13.175-0800: 0.740: [DefNew: 139776K->17471K(157248K), 0.0037442 secs] 407745K->311086K(506816K), 0.0038402 secs] [Times: user=0.00 sys=0.00, real=0.00 secs] 
2021-08-10T22:00:13.194-0800: 0.758: [GC (Allocation Failure) 2021-08-10T22:00:13.194-0800: 0.758: [DefNew: 157247K->17469K(157248K), 0.0062402 secs] 450862K->349249K(506816K), 0.0063200 secs] [Times: user=0.01 sys=0.00, real=0.01 secs] 
2021-08-10T22:00:13.219-0800: 0.784: [GC (Allocation Failure) 2021-08-10T22:00:13.219-0800: 0.784: [DefNew: 157245K->157245K(157248K), 0.0000195 secs]2021-08-10T22:00:13.219-0800: 0.784: [Tenured: 331779K->304007K(349568K), 0.0190657 secs] 489025K->304007K(506816K), [Metaspace: 2575K->2575K(1056768K)], 0.0191798 secs] [Times: user=0.02 sys=0.00, real=0.02 secs] 
2021-08-10T22:00:13.252-0800: 0.816: [GC (Allocation Failure) 2021-08-10T22:00:13.252-0800: 0.816: [DefNew: 139656K->17469K(157248K), 0.0034807 secs] 443664K->350784K(506816K), 0.0035505 secs] [Times: user=0.01 sys=0.00, real=0.00 secs] 
2021-08-10T22:00:13.269-0800: 0.833: [GC (Allocation Failure) 2021-08-10T22:00:13.269-0800: 0.833: [DefNew: 157245K->157245K(157248K), 0.0000157 secs]2021-08-10T22:00:13.269-0800: 0.833: [Tenured: 333314K->317901K(349568K), 0.0185183 secs] 490560K->317901K(506816K), [Metaspace: 2575K->2575K(1056768K)], 0.0186151 secs] [Times: user=0.02 sys=0.00, real=0.02 secs] 
2021-08-10T22:00:13.302-0800: 0.866: [GC (Allocation Failure) 2021-08-10T22:00:13.302-0800: 0.866: [DefNew: 139776K->139776K(157248K), 0.0000136 secs]2021-08-10T22:00:13.302-0800: 0.866: [Tenured: 317901K->311283K(349568K), 0.0364547 secs] 457677K->311283K(506816K), [Metaspace: 2575K->2575K(1056768K)], 0.0365461 secs] [Times: user=0.02 sys=0.01, real=0.03 secs] 
2021-08-10T22:00:13.353-0800: 0.917: [GC (Allocation Failure) 2021-08-10T22:00:13.353-0800: 0.917: [DefNew: 139776K->17471K(157248K), 0.0057288 secs] 451059K->361120K(506816K), 0.0057975 secs] [Times: user=0.00 sys=0.00, real=0.00 secs] 
2021-08-10T22:00:13.375-0800: 0.939: [GC (Allocation Failure) 2021-08-10T22:00:13.375-0800: 0.939: [DefNew: 156953K->156953K(157248K), 0.0000163 secs]2021-08-10T22:00:13.375-0800: 0.939: [Tenured: 343648K->336592K(349568K), 0.0219088 secs] 500602K->336592K(506816K), [Metaspace: 2575K->2575K(1056768K)], 0.0220168 secs] [Times: user=0.02 sys=0.00, real=0.02 secs] 
2021-08-10T22:00:13.412-0800: 0.977: [GC (Allocation Failure) 2021-08-10T22:00:13.413-0800: 0.977: [DefNew: 139776K->139776K(157248K), 0.0000176 secs]2021-08-10T22:00:13.413-0800: 0.977: [Tenured: 336592K->348972K(349568K), 0.0206090 secs] 476368K->348972K(506816K), [Metaspace: 2575K->2575K(1056768K)], 0.0207121 secs] [Times: user=0.02 sys=0.00, real=0.02 secs] 
2021-08-10T22:00:13.450-0800: 1.015: [GC (Allocation Failure) 2021-08-10T22:00:13.450-0800: 1.015: [DefNew: 139776K->139776K(157248K), 0.0000184 secs]2021-08-10T22:00:13.450-0800: 1.015: [Tenured: 348972K->349275K(349568K), 0.0226363 secs] 488748K->356405K(506816K), [Metaspace: 2575K->2575K(1056768K)], 0.0227407 secs] [Times: user=0.03 sys=0.00, real=0.02 secs] 
2021-08-10T22:00:13.489-0800: 1.054: [Full GC (Allocation Failure) 2021-08-10T22:00:13.490-0800: 1.054: [Tenured: 349521K->341013K(349568K), 0.0228613 secs] 506738K->341013K(506816K), [Metaspace: 2575K->2575K(1056768K)], 0.0229624 secs] [Times: user=0.02 sys=0.00, real=0.03 secs] 
2021-08-10T22:00:13.527-0800: 1.091: [GC (Allocation Failure) 2021-08-10T22:00:13.527-0800: 1.091: [DefNew: 139336K->139336K(157248K), 0.0000196 secs]2021-08-10T22:00:13.527-0800: 1.091: [Tenured: 341013K->349329K(349568K), 0.0150102 secs] 480349K->362201K(506816K), [Metaspace: 2575K->2575K(1056768K)], 0.0151297 secs] [Times: user=0.01 sys=0.00, real=0.02 secs] 
2021-08-10T22:00:13.557-0800: 1.121: [Full GC (Allocation Failure) 2021-08-10T22:00:13.557-0800: 1.121: [Tenured: 349329K->349256K(349568K), 0.0182433 secs] 505924K->369825K(506816K), [Metaspace: 2575K->2575K(1056768K)], 0.0183421 secs] [Times: user=0.02 sys=0.00, real=0.02 secs] 
Heap
 def new generation   total 157248K, used 29691K [0x00000007a0000000, 0x00000007aaaa0000, 0x00000007aaaa0000)
  eden space 139776K,  21% used [0x00000007a0000000, 0x00000007a1cfed30, 0x00000007a8880000)
  from space 17472K,   0% used [0x00000007a8880000, 0x00000007a8880000, 0x00000007a9990000)
  to   space 17472K,   0% used [0x00000007a9990000, 0x00000007a9990000, 0x00000007aaaa0000)
 tenured generation   total 349568K, used 349256K [0x00000007aaaa0000, 0x00000007c0000000, 0x00000007c0000000)
   the space 349568K,  99% used [0x00000007aaaa0000, 0x00000007bffb2328, 0x00000007bffb2400, 0x00000007c0000000)
 Metaspace       used 2583K, capacity 4486K, committed 4864K, reserved 1056768K
  class space    used 278K, capacity 386K, committed 512K, reserved 1048576K
