Java HotSpot(TM) 64-Bit Server VM (25.191-b12) for windows-amd64 JRE (1.8.0_191-b12), built on Oct  6 2018 09:29:03 by "java_re" with MS VC++ 10.0 (VS2010)
Memory: 4k page, physical 16675844k(5494408k free), swap 28734468k(10994476k free)
CommandLine flags: -XX:InitialHeapSize=268435456 -XX:MaxHeapSize=268435456 -XX:+PrintGC -XX:+PrintGCDateStamps -XX:+PrintGCDetails -XX:+PrintGCTimeStamps -XX:-UseAdaptiveSizePolicy -XX:+UseCompressedClassPointers -XX:+UseCompressedOops -XX:-UseLargePagesIndividualAllocation -XX:+UseParallelGC 
2021-08-12T16:55:47.191+0800: 2.164: [GC (Allocation Failure) [PSYoungGen: 65536K->9530K(76288K)] 65536K->9530K(251392K), 0.0941428 secs] [Times: user=0.00 sys=0.02, real=0.09 secs] 
2021-08-12T16:55:48.526+0800: 3.461: [GC (Allocation Failure) [PSYoungGen: 75066K->10738K(76288K)] 75066K->13816K(251392K), 0.0137302 secs] [Times: user=0.05 sys=0.00, real=0.01 secs] 
2021-08-12T16:55:49.734+0800: 4.669: [GC (Allocation Failure) [PSYoungGen: 76274K->10748K(76288K)] 79352K->19107K(251392K), 0.0095609 secs] [Times: user=0.06 sys=0.00, real=0.01 secs] 
2021-08-12T16:55:51.587+0800: 6.522: [GC (Allocation Failure) [PSYoungGen: 76272K->10728K(76288K)] 84630K->23050K(251392K), 0.0110375 secs] [Times: user=0.06 sys=0.00, real=0.01 secs] 
2021-08-12T16:55:54.180+0800: 9.114: [GC (Allocation Failure) [PSYoungGen: 76264K->10728K(76288K)] 88586K->32278K(251392K), 0.0134151 secs] [Times: user=0.05 sys=0.00, real=0.01 secs] 
2021-08-12T16:55:54.506+0800: 9.440: [GC (Metadata GC Threshold) [PSYoungGen: 23383K->10744K(76288K)] 44933K->33094K(251392K), 0.0218232 secs] [Times: user=0.02 sys=0.02, real=0.02 secs] 
2021-08-12T16:55:54.528+0800: 9.462: [Full GC (Metadata GC Threshold) [PSYoungGen: 10744K->0K(76288K)] [ParOldGen: 22350K->23923K(175104K)] 33094K->23923K(251392K), [Metaspace: 20885K->20881K(1067008K)], 0.1513180 secs] [Times: user=0.45 sys=0.00, real=0.15 secs] 
2021-08-12T16:56:12.116+0800: 27.050: [GC (Allocation Failure) [PSYoungGen: 65536K->8694K(76288K)] 89459K->32626K(251392K), 0.0101369 secs] [Times: user=0.00 sys=0.00, real=0.01 secs] 
2021-08-12T16:56:12.406+0800: 27.340: [GC (Allocation Failure) [PSYoungGen: 74230K->10739K(76288K)] 98162K->37782K(251392K), 0.0078827 secs] [Times: user=0.06 sys=0.00, real=0.01 secs] 
2021-08-12T16:56:12.612+0800: 27.546: [GC (Allocation Failure) [PSYoungGen: 76275K->10720K(76288K)] 103318K->41353K(251392K), 0.0087673 secs] [Times: user=0.00 sys=0.00, real=0.01 secs] 
2021-08-12T16:56:12.768+0800: 27.702: [GC (Allocation Failure) [PSYoungGen: 76256K->10734K(76288K)] 106889K->45337K(251392K), 0.0134110 secs] [Times: user=0.00 sys=0.00, real=0.01 secs] 
2021-08-12T16:56:12.953+0800: 27.888: [GC (Allocation Failure) [PSYoungGen: 76270K->10748K(76288K)] 110873K->50750K(251392K), 0.0215193 secs] [Times: user=0.08 sys=0.00, real=0.02 secs] 
2021-08-12T16:56:15.097+0800: 30.031: [GC (Allocation Failure) [PSYoungGen: 76284K->10732K(76288K)] 116286K->52614K(251392K), 0.0074047 secs] [Times: user=0.00 sys=0.00, real=0.01 secs] 
2021-08-12T16:56:25.671+0800: 40.605: [GC (Allocation Failure) [PSYoungGen: 76268K->10746K(76288K)] 118150K->52740K(251392K), 0.0077125 secs] [Times: user=0.05 sys=0.00, real=0.01 secs] 
2021-08-12T16:56:52.169+0800: 67.103: [GC (Allocation Failure) [PSYoungGen: 76282K->10749K(76288K)] 118276K->53061K(251392K), 0.0134868 secs] [Times: user=0.06 sys=0.00, real=0.01 secs] 
2021-08-12T17:02:24.119+0800: 399.054: [GC (Allocation Failure) [PSYoungGen: 76285K->10749K(76288K)] 118597K->53200K(251392K), 0.0072041 secs] [Times: user=0.01 sys=0.00, real=0.01 secs] 
2021-08-12T17:02:28.710+0800: 403.645: [GC (Heap Dump Initiated GC) [PSYoungGen: 12409K->10667K(76288K)] 54860K->53126K(251392K), 0.0057885 secs] [Times: user=0.00 sys=0.00, real=0.01 secs] 
2021-08-12T17:02:28.716+0800: 403.650: [Full GC (Heap Dump Initiated GC) [PSYoungGen: 10667K->0K(76288K)] [ParOldGen: 42459K->10807K(175104K)] 53126K->10807K(251392K), [Metaspace: 23024K->22905K(1071104K)], 0.0411592 secs] [Times: user=0.08 sys=0.00, real=0.04 secs] 
2021-08-12T17:08:26.149+0800: 761.083: [GC (Allocation Failure) [PSYoungGen: 65536K->240K(76288K)] 76343K->11055K(251392K), 0.0014918 secs] [Times: user=0.00 sys=0.00, real=0.00 secs] 
2021-08-12T17:14:38.627+0800: 1133.561: [GC (Allocation Failure) [PSYoungGen: 65776K->193K(76288K)] 76591K->11016K(251392K), 0.0018707 secs] [Times: user=0.00 sys=0.00, real=0.00 secs] 
2021-08-12T17:20:48.408+0800: 1503.342: [GC (Allocation Failure) [PSYoungGen: 65729K->257K(76288K)] 76552K->11088K(251392K), 0.0013399 secs] [Times: user=0.00 sys=0.00, real=0.00 secs] 
2021-08-12T17:26:59.293+0800: 1874.227: [GC (Allocation Failure) [PSYoungGen: 65793K->273K(76288K)] 76624K->11113K(251392K), 0.0037915 secs] [Times: user=0.00 sys=0.00, real=0.00 secs] 
2021-08-12T17:33:14.529+0800: 2249.463: [GC (Allocation Failure) [PSYoungGen: 65809K->257K(76288K)] 76649K->11104K(251392K), 0.0012176 secs] [Times: user=0.00 sys=0.00, real=0.00 secs] 
2021-08-12T17:39:30.811+0800: 2625.746: [GC (Allocation Failure) [PSYoungGen: 65793K->193K(76288K)] 76640K->11048K(251392K), 0.0013807 secs] [Times: user=0.00 sys=0.00, real=0.00 secs] 
2021-08-12T17:45:42.301+0800: 2997.236: [GC (Allocation Failure) [PSYoungGen: 65729K->208K(76288K)] 76584K->11071K(251392K), 0.0022485 secs] [Times: user=0.00 sys=0.00, real=0.00 secs] 
